// Jest Snapshot v1, https://goo.gl/fbAQLP

exports[`<FormSignIn /> should render the form 1`] = `
.c4 {
  display: inline-block;
  vertical-align: middle;
  overflow: hidden;
}

.c2 {
  display: flex;
  background: #EAEAEA;
  border-radius: 0.2rem;
  padding: 0 1.6rem;
  border: 0.2rem solid;
  border-color: #EAEAEA;
}

.c2:focus-within {
  box-shadow: 0 0 0.5rem #F231A5;
}

.c5 {
  color: #030517;
  font-family: Poppins,-apple-system,BlinkMacSystemFont,'Segoe UI',Roboto,Oxygen,Ubuntu,Cantarell,'Open Sans','Helvetica Neue',sans-serif;
  font-size: 1.6rem;
  padding: 0.8rem 0;
  padding-left: 1.6rem;
  background: transparent;
  border: 0;
  outline: none;
  width: 100%;
}

.c3 {
  display: flex;
  width: 2.2rem;
  color: #8F8F8F;
  order: 0;
}

.c3>svg {
  width: 100%;
}

.c8 {
  display: inline-flex;
  align-items: center;
  justify-content: center;
  background: linear-gradient(180deg, #ff5f5f 0%, #f062c0 50%);
  color: #FAFAFA;
  border: none;
  border-radius: 0.4rem;
  padding: 0.8rem;
  text-decoration: none;
  cursor: pointer;
  height: 5rem;
  font-size: 1.6rem;
  padding: 0.8rem 4.8rem;
  width: 100%;
}

.c8:hover {
  background: linear-gradient(180deg, #e35565 0%, #d958a6 50%);
}

.c0 .c1 {
  margin: 0.8rem 0;
}

.c0 .c7 {
  margin: 3.2rem auto 1.6rem;
}

.c9 {
  font-size: 1.4rem;
  color: #030517;
  text-align: center;
}

.c9 a {
  color: #3CD3C1;
  text-decoration: none;
  border-bottom: 0.1rem solid #3CD3C1;
  transition: color,border,0.1s ease-in-out;
}

.c9 a:hover {
  color: #29b3a3;
  border-bottom: 0.1rem solid #29b3a3;
}

.c6 {
  display: block;
  font-size: 1.4rem;
  color: #030517;
  text-decoration: none;
  text-align: right;
}

.c6:hover {
  color: #0f1971;
}

<body>
  <div>
    <div
      class="c0"
    >
      <form>
        <div
          class="c1 "
        >
          <div
            class="c2"
          >
            <div
              class="c3"
              iconposition="left"
            >
              <svg
                aria-hidden="true"
                class="c4"
                fill="currentColor"
                focusable="false"
                viewBox="0 0 24 24"
                xmlns="http://www.w3.org/2000/svg"
              >
                <path
                  d="M20 4H4c-1.1 0-1.99.9-1.99 2L2 18c0 1.1.9 2 2 2h16c1.1 0 2-.9 2-2V6c0-1.1-.9-2-2-2zm0 4-8 5-8-5V6l8 5 8-5v2z"
                />
              </svg>
            </div>
            <input
              class="c5"
              iconposition="left"
              name="email"
              placeholder="Email"
              type="email"
              value=""
            />
          </div>
        </div>
        <div
          class="c1 "
        >
          <div
            class="c2"
          >
            <div
              class="c3"
              iconposition="left"
            >
              <svg
                aria-hidden="true"
                class="c4"
                fill="currentColor"
                focusable="false"
                viewBox="0 0 24 24"
                xmlns="http://www.w3.org/2000/svg"
              >
                <path
                  d="M18 8h-1V6c0-2.76-2.24-5-5-5S7 3.24 7 6v2H6c-1.1 0-2 .9-2 2v10c0 1.1.9 2 2 2h12c1.1 0 2-.9 2-2V10c0-1.1-.9-2-2-2zm-6 9c-1.1 0-2-.9-2-2s.9-2 2-2 2 .9 2 2-.9 2-2 2zm3.1-9H8.9V6c0-1.71 1.39-3.1 3.1-3.1 1.71 0 3.1 1.39 3.1 3.1v2z"
                />
              </svg>
            </div>
            <input
              class="c5"
              iconposition="left"
              name="password"
              placeholder="Password"
              type="password"
              value=""
            />
          </div>
        </div>
        <a
          class="c6"
          href="#"
        >
          Forgot your password?
        </a>
        <button
          class="c7 c8"
        >
          <span>
            Sign in now
          </span>
        </button>
        <div
          class="c9"
        >
          Donâ€™t have an account? 
          <a
            href="/sign-up"
          >
            Sign up
          </a>
        </div>
      </form>
    </div>
  </div>
</body>
`;
