// Jest Snapshot v1, https://goo.gl/fbAQLP

exports[`<Teste /> should render the heading 1`] = `
<main
  class=""
>
  <h1>
    Teste
  </h1>
</main>
`;
